id: avoid-unwrap
snapshots:
  let z = option.unwrap();:
    labels:
    - source: option.unwrap()
      style: primary
      start: 8
      end: 23
  value.unwrap():
    labels:
    - source: value.unwrap()
      style: primary
      start: 0
      end: 14
